<?xml version="1.0" encoding="utf-8"?><testsuites><testsuite name="pytest" errors="0" failures="0" skipped="0" tests="3" time="0.184" timestamp="2025-09-19T07:36:43.586031+09:00" hostname="VIP"><testcase classname="tests.test_basic" name="test_ping" time="0.007" /><testcase classname="tests.test_basic" name="test_echo" time="0.002" /><testcase classname="tests.test_basic" name="test_sum" time="0.001" /></testsuite></testsuites>